// Jest Snapshot v1, https://goo.gl/fbAQLP

exports[`Input component renders without crashing 1`] = `
<input
  placeholder="Email"
  type="email"
  value=""
/>
`;
